#
# There is insufficient memory for the Java Runtime Environment to continue.
# Native memory allocation (malloc) failed to allocate 1048576 bytes. Error detail: AllocateHeap
# Possible reasons:
#   The system is out of physical RAM or swap space
#   This process is running with CompressedOops enabled, and the Java Heap may be blocking the growth of the native heap
# Possible solutions:
#   Reduce memory load on the system
#   Increase physical memory or swap space
#   Check if swap backing store is full
#   Decrease Java heap size (-Xmx/-Xms)
#   Decrease number of Java threads
#   Decrease Java thread stack sizes (-Xss)
#   Set larger code cache with -XX:ReservedCodeCacheSize=
#   JVM is running with Unscaled Compressed Oops mode in which the Java heap is
#     placed in the first 4GB address space. The Java Heap base address is the
#     maximum limit for the native heap growth. Please use -XX:HeapBaseMinAddress
#     to set the Java Heap base and to place the Java Heap above 4GB virtual address.
# This output file may be truncated or incomplete.
#
#  Out of Memory Error (allocation.cpp:44), pid=14200, tid=7076
#
# JRE version: OpenJDK Runtime Environment Temurin-21.0.11+10 (21.0.11+10) (build 21.0.11+10-LTS)
# Java VM: OpenJDK 64-Bit Server VM Temurin-21.0.11+10 (21.0.11+10-LTS, mixed mode, sharing, tiered, compressed oops, compressed class ptrs, parallel gc, windows-amd64)
# No core dump will be written. Minidumps are not enabled by default on client versions of Windows
#

---------------  S U M M A R Y ------------

Command Line: --add-modules=ALL-SYSTEM --add-opens=java.base/java.util=ALL-UNNAMED --add-opens=java.base/java.lang=ALL-UNNAMED --add-opens=java.base/sun.nio.fs=ALL-UNNAMED -Declipse.application=org.eclipse.jdt.ls.core.id1 -Dosgi.bundles.defaultStartLevel=4 -Declipse.product=org.eclipse.jdt.ls.core.product -Djava.import.generatesMetadataFilesAtProjectRoot=false -DDetectVMInstallationsJob.disabled=true -Dfile.encoding=utf8 -XX:+UseParallelGC -XX:GCTimeRatio=4 -XX:AdaptiveSizePolicyWeight=90 -Dsun.zip.disableMemoryMapping=true -Xmx2G -Xms100m -Xlog:disable -javaagent:c:\Users\USER\.vscode\extensions\redhat.java-1.55.0-win32-x64\lombok\lombok-1.18.39-4050.jar -XX:+HeapDumpOnOutOfMemoryError -XX:HeapDumpPath=c:\Users\USER\AppData\Roaming\Code\User\workspaceStorage\c549672f05aaa1abe7fbcef4569ed1ab\redhat.java -Daether.dependencyCollector.impl=bf c:\Users\USER\.vscode\extensions\redhat.java-1.55.0-win32-x64\server\plugins\org.eclipse.equinox.launcher_1.7.200.v20260619-2039.jar -configuration c:\Users\USER\AppData\Roaming\Code\User\globalStorage\redhat.java\1.55.0\config_win -data c:\Users\USER\AppData\Roaming\Code\User\workspaceStorage\c549672f05aaa1abe7fbcef4569ed1ab\redhat.java\jdt_ws --pipe=\\.\pipe\lsp-60722e4052fbca914978f724ccac2b8c-sock

Host: Intel(R) Core(TM) i5-8300H CPU @ 2.30GHz, 8 cores, 15G,  Windows 11 , 64 bit Build 26100 (10.0.26100.9168)
Time: Tue Sep 15 20:18:48 2026 Afr. centrale Ouest elapsed time: 18963.629927 seconds (0d 5h 16m 3s)

---------------  T H R E A D  ---------------

Current thread (0x000002966e8e6a10):  JavaThread "Attach Listener" daemon [_thread_in_vm, id=7076, stack(0x000000ceb2400000,0x000000ceb2500000) (1024K)]

Stack: [0x000000ceb2400000,0x000000ceb2500000]
Native frames: (J=compiled Java code, j=interpreted, Vv=VM code, C=native code)
V  [jvm.dll+0x6d7e19]
V  [jvm.dll+0x8b5096]
V  [jvm.dll+0x8b764e]
V  [jvm.dll+0x8b7d33]
V  [jvm.dll+0x284596]
V  [jvm.dll+0xc13c7]
V  [jvm.dll+0x6d86c9]
V  [jvm.dll+0x133616]
V  [jvm.dll+0x3f868e]
V  [jvm.dll+0x85fb0d]
V  [jvm.dll+0x6d664d]
C  [ucrtbase.dll+0x2cd30]
C  [KERNEL32.DLL+0x2ccb7]
C  [ntdll.dll+0xaad6c]


---------------  P R O C E S S  ---------------

Threads class SMR info:
_java_thread_list=0x0000029676c23650, length=38, elements={
0x0000029655adb000, 0x0000029657f2aa00, 0x0000029657f2cf40, 0x000002966e8e3fa0,
0x000002966e8e6a10, 0x000002966e8e7470, 0x000002966e8e7ed0, 0x000002966e8ea270,
0x000002966e90e1f0, 0x00000296703aaec0, 0x00000296703ad170, 0x0000029675235860,
0x00000296751872d0, 0x0000029675187ff0, 0x0000029675187960, 0x0000029675185f20,
0x00000296751865b0, 0x0000029675188680, 0x0000029675186c40, 0x0000029676b0f7f0,
0x0000029676b10ba0, 0x0000029676b11230, 0x0000029676b11f50, 0x0000029676b0f160,
0x0000029676b0fe80, 0x0000029676b0ead0, 0x0000029676b14020, 0x0000029676b13300,
0x0000029676b153d0, 0x0000029676b125e0, 0x0000029676b160f0, 0x0000029676b13990,
0x0000029670858210, 0x000002967901a690, 0x00000296790178a0, 0x00000296790192e0,
0x00000296790185c0, 0x0000029679eb1500
}

Java Threads: ( => current thread )
  0x0000029655adb000 JavaThread "main"                              [_thread_blocked, id=24196, stack(0x000000ceb1d00000,0x000000ceb1e00000) (1024K)]
  0x0000029657f2aa00 JavaThread "Reference Handler"          daemon [_thread_blocked, id=41836, stack(0x000000ceb2100000,0x000000ceb2200000) (1024K)]
  0x0000029657f2cf40 JavaThread "Finalizer"                  daemon [_thread_blocked, id=31292, stack(0x000000ceb2200000,0x000000ceb2300000) (1024K)]
  0x000002966e8e3fa0 JavaThread "Signal Dispatcher"          daemon [_thread_blocked, id=23876, stack(0x000000ceb2300000,0x000000ceb2400000) (1024K)]
=>0x000002966e8e6a10 JavaThread "Attach Listener"            daemon [_thread_in_vm, id=7076, stack(0x000000ceb2400000,0x000000ceb2500000) (1024K)]
  0x000002966e8e7470 JavaThread "Service Thread"             daemon [_thread_blocked, id=26336, stack(0x000000ceb2500000,0x000000ceb2600000) (1024K)]
  0x000002966e8e7ed0 JavaThread "Monitor Deflation Thread"   daemon [_thread_blocked, id=37692, stack(0x000000ceb2600000,0x000000ceb2700000) (1024K)]
  0x000002966e8ea270 JavaThread "C2 CompilerThread0"         daemon [_thread_blocked, id=39976, stack(0x000000ceb2700000,0x000000ceb2800000) (1024K)]
  0x000002966e90e1f0 JavaThread "C1 CompilerThread0"         daemon [_thread_blocked, id=37276, stack(0x000000ceb2800000,0x000000ceb2900000) (1024K)]
  0x00000296703aaec0 JavaThread "Common-Cleaner"             daemon [_thread_blocked, id=31352, stack(0x000000ceb2a00000,0x000000ceb2b00000) (1024K)]
  0x00000296703ad170 JavaThread "Notification Thread"        daemon [_thread_blocked, id=24200, stack(0x000000ceb2900000,0x000000ceb2a00000) (1024K)]
  0x0000029675235860 JavaThread "Active Thread: Equinox Container: 157dac50-84b7-4c7e-91ff-f369baaa9cec"        [_thread_blocked, id=11852, stack(0x000000ceb3300000,0x000000ceb3400000) (1024K)]
  0x00000296751872d0 JavaThread "Refresh Thread: Equinox Container: 157dac50-84b7-4c7e-91ff-f369baaa9cec" daemon [_thread_blocked, id=16484, stack(0x000000ceb3500000,0x000000ceb3600000) (1024K)]
  0x0000029675187ff0 JavaThread "Framework Event Dispatcher: Equinox Container: 157dac50-84b7-4c7e-91ff-f369baaa9cec" daemon [_thread_blocked, id=13088, stack(0x000000ceb3600000,0x000000ceb3700000) (1024K)]
  0x0000029675187960 JavaThread "Start Level: Equinox Container: 157dac50-84b7-4c7e-91ff-f369baaa9cec" daemon [_thread_blocked, id=21656, stack(0x000000ceb3700000,0x000000ceb3800000) (1024K)]
  0x0000029675185f20 JavaThread "Bundle File Closer"         daemon [_thread_blocked, id=20420, stack(0x000000ceb3800000,0x000000ceb3900000) (1024K)]
  0x00000296751865b0 JavaThread "SCR Component Actor"        daemon [_thread_blocked, id=35648, stack(0x000000ceb2b00000,0x000000ceb2c00000) (1024K)]
  0x0000029675188680 JavaThread "Worker-JM"                         [_thread_blocked, id=41800, stack(0x000000ceb3a00000,0x000000ceb3b00000) (1024K)]
  0x0000029675186c40 JavaThread "JNA Cleaner"                daemon [_thread_blocked, id=15032, stack(0x000000ceb3b00000,0x000000ceb3c00000) (1024K)]
  0x0000029676b0f7f0 JavaThread "Java indexing"              daemon [_thread_blocked, id=18076, stack(0x000000ceb3e00000,0x000000ceb3f00000) (1024K)]
  0x0000029676b10ba0 JavaThread "Thread-1"                   daemon [_thread_in_native, id=3600, stack(0x000000ceb4400000,0x000000ceb4500000) (1024K)]
  0x0000029676b11230 JavaThread "Thread-2"                   daemon [_thread_in_native, id=6600, stack(0x000000ceb4500000,0x000000ceb4600000) (1024K)]
  0x0000029676b11f50 JavaThread "Thread-3"                   daemon [_thread_in_native, id=35248, stack(0x000000ceb4600000,0x000000ceb4700000) (1024K)]
  0x0000029676b0f160 JavaThread "Thread-4"                   daemon [_thread_in_native, id=41204, stack(0x000000ceb4700000,0x000000ceb4800000) (1024K)]
  0x0000029676b0fe80 JavaThread "Thread-5"                   daemon [_thread_in_native, id=24892, stack(0x000000ceb4800000,0x000000ceb4900000) (1024K)]
  0x0000029676b0ead0 JavaThread "Thread-6"                   daemon [_thread_in_native, id=25312, stack(0x000000ceb4900000,0x000000ceb4a00000) (1024K)]
  0x0000029676b14020 JavaThread "Thread-7"                   daemon [_thread_in_native, id=10996, stack(0x000000ceb4a00000,0x000000ceb4b00000) (1024K)]
  0x0000029676b13300 JavaThread "Thread-8"                   daemon [_thread_in_native, id=37744, stack(0x000000ceb4b00000,0x000000ceb4c00000) (1024K)]
  0x0000029676b153d0 JavaThread "Thread-9"                   daemon [_thread_in_native, id=37112, stack(0x000000ceb4c00000,0x000000ceb4d00000) (1024K)]
  0x0000029676b125e0 JavaThread "pool-2-thread-1"                   [_thread_blocked, id=21488, stack(0x000000ceb4d00000,0x000000ceb4e00000) (1024K)]
  0x0000029676b160f0 JavaThread "WorkspaceEventsHandler"            [_thread_blocked, id=28848, stack(0x000000ceb5000000,0x000000ceb5100000) (1024K)]
  0x0000029676b13990 JavaThread "pool-1-thread-1"                   [_thread_blocked, id=8504, stack(0x000000ceb5100000,0x000000ceb5200000) (1024K)]
  0x0000029670858210 JavaThread "Cleaner-0"                  daemon [_thread_blocked, id=13296, stack(0x000000ceb6e00000,0x000000ceb6f00000) (1024K)]
  0x000002967901a690 JavaThread "Java Debug Server"          daemon [_thread_in_native, id=21020, stack(0x000000ceb3c00000,0x000000ceb3d00000) (1024K)]
  0x00000296790178a0 JavaThread "RxSchedulerPurge-1"         daemon [_thread_blocked, id=23044, stack(0x000000ceb4300000,0x000000ceb4400000) (1024K)]
  0x00000296790192e0 JavaThread "RxCachedWorkerPoolEvictor-1" daemon [_thread_blocked, id=37568, stack(0x000000ceb4e00000,0x000000ceb4f00000) (1024K)]
  0x00000296790185c0 JavaThread "Worker-23"                         [_thread_blocked, id=30040, stack(0x000000ceb5800000,0x000000ceb5900000) (1024K)]
  0x0000029679eb1500 JavaThread "Worker-24"                         [_thread_blocked, id=3860, stack(0x000000ceb2c00000,0x000000ceb2d00000) (1024K)]
Total: 38

Other Threads:
  0x0000029657f10810 VMThread "VM Thread"                           [id=29648, stack(0x000000ceb2000000,0x000000ceb2100000) (1024K)]
  0x000002966e7fca10 WatcherThread "VM Periodic Task Thread"        [id=20772, stack(0x000000ceb1f00000,0x000000ceb2000000) (1024K)]
  0x0000029657e8b740 WorkerThread "GC Thread#0"                     [id=33808, stack(0x000000ceb1e00000,0x000000ceb1f00000) (1024K)]
  0x0000029670a84250 WorkerThread "GC Thread#1"                     [id=30916, stack(0x000000ceb2d00000,0x000000ceb2e00000) (1024K)]
  0x0000029670916da0 WorkerThread "GC Thread#2"                     [id=10800, stack(0x000000ceb2e00000,0x000000ceb2f00000) (1024K)]
  0x0000029675212430 WorkerThread "GC Thread#3"                     [id=36088, stack(0x000000ceb2f00000,0x000000ceb3000000) (1024K)]
  0x00000296752127e0 WorkerThread "GC Thread#4"                     [id=29856, stack(0x000000ceb3000000,0x000000ceb3100000) (1024K)]
  0x0000029675212b90 WorkerThread "GC Thread#5"                     [id=40144, stack(0x000000ceb3100000,0x000000ceb3200000) (1024K)]
  0x0000029675212f40 WorkerThread "GC Thread#6"                     [id=15752, stack(0x000000ceb3200000,0x000000ceb3300000) (1024K)]
  0x000002967525e750 WorkerThread "GC Thread#7"                     [id=19024, stack(0x000000ceb3400000,0x000000ceb3500000) (1024K)]
Total: 10

Threads with active compile tasks:
Total: 0

VM state: not at safepoint (normal execution)

VM Mutex/Monitor currently owned by a thread: None

Heap address: 0x0000000080000000, size: 2048 MB, Compressed Oops mode: 32-bit

CDS archive(s) mapped at: [0x0000029600000000-0x0000029600ba0000-0x0000029600ba0000), size 12189696, SharedBaseAddress: 0x0000029600000000, ArchiveRelocationMode: 1.
Compressed class space mapped at: 0x0000029601000000-0x0000029641000000, reserved size: 1073741824
Narrow klass base: 0x0000029600000000, Narrow klass shift: 0, Narrow klass range: 0x100000000

GC Precious Log:
 CardTable entry size: 512
 CPUs: 8 total, 8 available
 Memory: 16191M
 Large Page Support: Disabled
 NUMA Support: Disabled
 Compressed Oops: Enabled (32-bit)
 Alignments: Space 512K, Generation 512K, Heap 2M
 Heap Min Capacity: 100M
 Heap Initial Capacity: 100M
 Heap Max Capacity: 2G
 Pre-touch: Disabled
 Parallel Workers: 8

Heap:
 PSYoungGen      total 2560K, used 523K [0x00000000d5580000, 0x00000000d5b80000, 0x0000000100000000)
  eden space 2048K, 19% used [0x00000000d5580000,0x00000000d55e2c28,0x00000000d5780000)
  from space 512K, 25% used [0x00000000d5a80000,0x00000000d5aa0000,0x00000000d5b00000)
  to   space 512K, 0% used [0x00000000d5b00000,0x00000000d5b00000,0x00000000d5b80000)
 ParOldGen       total 1200640K, used 1200356K [0x0000000080000000, 0x00000000c9480000, 0x00000000d5580000)
  object space 1200640K, 99% used [0x0000000080000000,0x00000000c9439018,0x00000000c9480000)
 Metaspace       used 105888K, committed 107968K, reserved 1179648K
  class space    used 10749K, committed 11712K, reserved 1048576K

Card table byte_map: [0x0000029657810000,0x0000029657c20000] _byte_map_base: 0x0000029657410000

Marking Bits: (ParMarkBitMap*) 0x00007ff9ee834460
 Begin Bits: [0x000002966a320000, 0x000002966c320000)
 End Bits:   [0x000002966c320000, 0x000002966e320000)

Polling page: 0x0000029656050000

Metaspace:

Usage:
  Non-class:     92.91 MB used.
      Class:     10.50 MB used.
       Both:    103.41 MB used.

Virtual space:
  Non-class space:      128.00 MB reserved,      94.00 MB ( 73%) committed,  2 nodes.
      Class space:        1.00 GB reserved,      11.44 MB (  1%) committed,  1 nodes.
             Both:        1.12 GB reserved,     105.44 MB (  9%) committed. 

Chunk freelists:
   Non-Class:  2.05 MB
       Class:  4.42 MB
        Both:  6.47 MB

MaxMetaspaceSize: unlimited
CompressedClassSpaceSize: 1.00 GB
Initial GC threshold: 21.00 MB
Current GC threshold: 173.56 MB
CDS: on
 - commit_granule_bytes: 65536.
 - commit_granule_words: 8192.
 - virtual_space_node_default_size: 8388608.
 - enlarge_chunks_in_place: 1.
 - use_allocation_guard: 0.


Internal statistics:

num_allocs_failed_limit: 9.
num_arena_births: 2106.
num_arena_deaths: 424.
num_vsnodes_births: 3.
num_vsnodes_deaths: 0.
num_space_committed: 1714.
num_space_uncommitted: 21.
num_chunks_returned_to_freelist: 723.
num_chunks_taken_from_freelist: 7891.
num_chunk_merges: 158.
num_chunk_splits: 4550.
num_chunks_enlarged: 2536.
num_inconsistent_stats: 0.

CodeHeap 'non-profiled nmethods': size=120000Kb used=27383Kb max_used=27453Kb free=92616Kb
 bounds [0x0000029662b40000, 0x0000029664660000, 0x000002966a070000]
CodeHeap 'profiled nmethods': size=120000Kb used=44919Kb max_used=49844Kb free=75080Kb
 bounds [0x000002965b070000, 0x000002965e120000, 0x00000296625a0000]
CodeHeap 'non-nmethods': size=5760Kb used=1549Kb max_used=1674Kb free=4210Kb
 bounds [0x00000296625a0000, 0x0000029662810000, 0x0000029662b40000]
CodeCache: size=245760Kb, used=73851Kb, max_used=78971Kb, free=171906Kb
 total_blobs=19637, nmethods=18760, adapters=780, full_count=0
Compilation: enabled, stopped_count=0, restarted_count=0

Compilation events (20 events):
Event: 9623.080 Thread 0x000002966e90e1f0 29652       3       java.util.logging.Logger::demandLogger (36 bytes)
Event: 9623.085 Thread 0x000002966e90e1f0 nmethod 29652 0x000002965c1c0890 code [0x000002965c1c0b20, 0x000002965c1c15d0]
Event: 10518.465 Thread 0x000002966e90e1f0 29653   !   3       org.eclipse.osgi.container.ModuleDatabase::getTimestamp (25 bytes)
Event: 10518.529 Thread 0x000002966e90e1f0 nmethod 29653 0x000002965ce0b790 code [0x000002965ce0b9e0, 0x000002965ce0c328]
Event: 10638.507 Thread 0x000002966e90e1f0 29654       3       org.eclipse.osgi.storage.Storage::isReadOnly (10 bytes)
Event: 10638.516 Thread 0x000002966e90e1f0 nmethod 29654 0x000002965cbbc190 code [0x000002965cbbc340, 0x000002965cbbc4c0]
Event: 10818.550 Thread 0x000002966e90e1f0 29655   !   3       org.eclipse.osgi.internal.framework.StorageSaver$StorageSaverTask::run (31 bytes)
Event: 10818.600 Thread 0x000002966e90e1f0 nmethod 29655 0x000002965d364e10 code [0x000002965d364fe0, 0x000002965d365280]
Event: 10818.600 Thread 0x000002966e90e1f0 29656   !   3       org.eclipse.osgi.storage.Storage::save (62 bytes)
Event: 10818.610 Thread 0x000002966e90e1f0 nmethod 29656 0x000002965ccdbc90 code [0x000002965ccdbe80, 0x000002965ccdc1f0]
Event: 14659.638 Thread 0x000002966e90e1f0 29657   !   3       org.eclipse.osgi.storage.Storage::save0 (246 bytes)
Event: 14659.774 Thread 0x000002966e90e1f0 nmethod 29657 0x000002965b6f5890 code [0x000002965b6f5da0, 0x000002965b6f8988]
Event: 15259.880 Thread 0x000002966e8ea270 29658       4       org.eclipse.core.internal.resources.Resource::contains (131 bytes)
Event: 15260.061 Thread 0x000002966e8ea270 nmethod 29658 0x00000296631b0090 code [0x00000296631b0260, 0x00000296631b04f8]
Event: 17394.057 Thread 0x000002966e8ea270 29659   !   4       java.util.concurrent.locks.AbstractQueuedSynchronizer$ConditionObject::newConditionNode (78 bytes)
Event: 17394.132 Thread 0x000002966e8ea270 nmethod 29659 0x000002966349b290 code [0x000002966349b480, 0x000002966349b820]
Event: 17575.026 Thread 0x000002966e8ea270 29660   !   4       java.util.concurrent.locks.AbstractQueuedSynchronizer::reacquire (64 bytes)
Event: 17575.040 Thread 0x000002966e8ea270 nmethod 29660 0x0000029663205390 code [0x0000029663205540, 0x0000029663205730]
Event: 18055.193 Thread 0x000002966e8ea270 29661   !   4       java.util.concurrent.locks.LockSupport::parkNanos (56 bytes)
Event: 18055.204 Thread 0x000002966e8ea270 nmethod 29661 0x000002966323e710 code [0x000002966323e8c0, 0x000002966323ea38]

GC Heap History (20 events):
Event: 7834.013 GC heap before
{Heap before GC invocations=5866 (full 8):
 PSYoungGen      total 1536K, used 1136K [0x00000000d5580000, 0x00000000d5f80000, 0x0000000100000000)
  eden space 512K, 100% used [0x00000000d5580000,0x00000000d5600000,0x00000000d5600000)
  from space 1024K, 60% used [0x00000000d5600000,0x00000000d569c000,0x00000000d5700000)
  to   space 3584K, 0% used [0x00000000d5c00000,0x00000000d5c00000,0x00000000d5f80000)
 ParOldGen       total 1198592K, used 1198089K [0x0000000080000000, 0x00000000c9280000, 0x00000000d5580000)
  object space 1198592K, 99% used [0x0000000080000000,0x00000000c92026c8,0x00000000c9280000)
 Metaspace       used 105855K, committed 107904K, reserved 1179648K
  class space    used 10749K, committed 11712K, reserved 1048576K
}
Event: 7834.017 GC heap after
{Heap after GC invocations=5866 (full 8):
 PSYoungGen      total 2048K, used 624K [0x00000000d5580000, 0x00000000d5d00000, 0x0000000100000000)
  eden space 1024K, 0% used [0x00000000d5580000,0x00000000d5580000,0x00000000d5680000)
  from space 1024K, 60% used [0x00000000d5c00000,0x00000000d5c9c000,0x00000000d5d00000)
  to   space 1536K, 0% used [0x00000000d5a00000,0x00000000d5a00000,0x00000000d5b80000)
 ParOldGen       total 1198592K, used 1198289K [0x0000000080000000, 0x00000000c9280000, 0x00000000d5580000)
  object space 1198592K, 99% used [0x0000000080000000,0x00000000c92346c8,0x00000000c9280000)
 Metaspace       used 105855K, committed 107904K, reserved 1179648K
  class space    used 10749K, committed 11712K, reserved 1048576K
}
Event: 8148.314 GC heap before
{Heap before GC invocations=5867 (full 8):
 PSYoungGen      total 2048K, used 1647K [0x00000000d5580000, 0x00000000d5d00000, 0x0000000100000000)
  eden space 1024K, 99% used [0x00000000d5580000,0x00000000d567fff0,0x00000000d5680000)
  from space 1024K, 60% used [0x00000000d5c00000,0x00000000d5c9c000,0x00000000d5d00000)
  to   space 1536K, 0% used [0x00000000d5a00000,0x00000000d5a00000,0x00000000d5b80000)
 ParOldGen       total 1198592K, used 1198289K [0x0000000080000000, 0x00000000c9280000, 0x00000000d5580000)
  object space 1198592K, 99% used [0x0000000080000000,0x00000000c92346c8,0x00000000c9280000)
 Metaspace       used 105858K, committed 107904K, reserved 1179648K
  class space    used 10749K, committed 11712K, reserved 1048576K
}
Event: 8148.331 GC heap after
{Heap after GC invocations=5867 (full 8):
 PSYoungGen      total 3072K, used 384K [0x00000000d5580000, 0x00000000d5c80000, 0x0000000100000000)
  eden space 1536K, 0% used [0x00000000d5580000,0x00000000d5580000,0x00000000d5700000)
  from space 1536K, 25% used [0x00000000d5a00000,0x00000000d5a60000,0x00000000d5b80000)
  to   space 1024K, 0% used [0x00000000d5b80000,0x00000000d5b80000,0x00000000d5c80000)
 ParOldGen       total 1199104K, used 1198817K [0x0000000080000000, 0x00000000c9300000, 0x00000000d5580000)
  object space 1199104K, 99% used [0x0000000080000000,0x00000000c92b86c8,0x00000000c9300000)
 Metaspace       used 105858K, committed 107904K, reserved 1179648K
  class space    used 10749K, committed 11712K, reserved 1048576K
}
Event: 8803.566 GC heap before
{Heap before GC invocations=5868 (full 8):
 PSYoungGen      total 3072K, used 1908K [0x00000000d5580000, 0x00000000d5c80000, 0x0000000100000000)
  eden space 1536K, 99% used [0x00000000d5580000,0x00000000d56fd338,0x00000000d5700000)
  from space 1536K, 25% used [0x00000000d5a00000,0x00000000d5a60000,0x00000000d5b80000)
  to   space 1024K, 0% used [0x00000000d5b80000,0x00000000d5b80000,0x00000000d5c80000)
 ParOldGen       total 1199104K, used 1198817K [0x0000000080000000, 0x00000000c9300000, 0x00000000d5580000)
  object space 1199104K, 99% used [0x0000000080000000,0x00000000c92b86c8,0x00000000c9300000)
 Metaspace       used 105864K, committed 107904K, reserved 1179648K
  class space    used 10749K, committed 11712K, reserved 1048576K
}
Event: 8803.574 GC heap after
{Heap after GC invocations=5868 (full 8):
 PSYoungGen      total 2048K, used 224K [0x00000000d5580000, 0x00000000d5c00000, 0x0000000100000000)
  eden space 1536K, 0% used [0x00000000d5580000,0x00000000d5580000,0x00000000d5700000)
  from space 512K, 43% used [0x00000000d5b80000,0x00000000d5bb8000,0x00000000d5c00000)
  to   space 512K, 0% used [0x00000000d5b00000,0x00000000d5b00000,0x00000000d5b80000)
 ParOldGen       total 1199104K, used 1199097K [0x0000000080000000, 0x00000000c9300000, 0x00000000d5580000)
  object space 1199104K, 99% used [0x0000000080000000,0x00000000c92fe6c8,0x00000000c9300000)
 Metaspace       used 105864K, committed 107904K, reserved 1179648K
  class space    used 10749K, committed 11712K, reserved 1048576K
}
Event: 8803.581 GC heap before
{Heap before GC invocations=5869 (full 8):
 PSYoungGen      total 2048K, used 1760K [0x00000000d5580000, 0x00000000d5c00000, 0x0000000100000000)
  eden space 1536K, 100% used [0x00000000d5580000,0x00000000d5700000,0x00000000d5700000)
  from space 512K, 43% used [0x00000000d5b80000,0x00000000d5bb8000,0x00000000d5c00000)
  to   space 512K, 0% used [0x00000000d5b00000,0x00000000d5b00000,0x00000000d5b80000)
 ParOldGen       total 1199104K, used 1199097K [0x0000000080000000, 0x00000000c9300000, 0x00000000d5580000)
  object space 1199104K, 99% used [0x0000000080000000,0x00000000c92fe6c8,0x00000000c9300000)
 Metaspace       used 105864K, committed 107904K, reserved 1179648K
  class space    used 10749K, committed 11712K, reserved 1048576K
}
Event: 8803.583 GC heap after
{Heap after GC invocations=5869 (full 8):
 PSYoungGen      total 2048K, used 320K [0x00000000d5580000, 0x00000000d5c00000, 0x0000000100000000)
  eden space 1536K, 0% used [0x00000000d5580000,0x00000000d5580000,0x00000000d5700000)
  from space 512K, 62% used [0x00000000d5b00000,0x00000000d5b50020,0x00000000d5b80000)
  to   space 512K, 0% used [0x00000000d5b80000,0x00000000d5b80000,0x00000000d5c00000)
 ParOldGen       total 1199616K, used 1199161K [0x0000000080000000, 0x00000000c9380000, 0x00000000d5580000)
  object space 1199616K, 99% used [0x0000000080000000,0x00000000c930e6c8,0x00000000c9380000)
 Metaspace       used 105864K, committed 107904K, reserved 1179648K
  class space    used 10749K, committed 11712K, reserved 1048576K
}
Event: 8803.597 GC heap before
{Heap before GC invocations=5870 (full 8):
 PSYoungGen      total 2048K, used 1856K [0x00000000d5580000, 0x00000000d5c00000, 0x0000000100000000)
  eden space 1536K, 100% used [0x00000000d5580000,0x00000000d5700000,0x00000000d5700000)
  from space 512K, 62% used [0x00000000d5b00000,0x00000000d5b50020,0x00000000d5b80000)
  to   space 512K, 0% used [0x00000000d5b80000,0x00000000d5b80000,0x00000000d5c00000)
 ParOldGen       total 1199616K, used 1199161K [0x0000000080000000, 0x00000000c9380000, 0x00000000d5580000)
  object space 1199616K, 99% used [0x0000000080000000,0x00000000c930e6c8,0x00000000c9380000)
 Metaspace       used 105864K, committed 107904K, reserved 1179648K
  class space    used 10749K, committed 11712K, reserved 1048576K
}
Event: 8803.602 GC heap after
{Heap after GC invocations=5870 (full 8):
 PSYoungGen      total 2560K, used 482K [0x00000000d5580000, 0x00000000d5c00000, 0x0000000100000000)
  eden space 2048K, 0% used [0x00000000d5580000,0x00000000d5580000,0x00000000d5780000)
  from space 512K, 94% used [0x00000000d5b80000,0x00000000d5bf8820,0x00000000d5c00000)
  to   space 1024K, 0% used [0x00000000d5a00000,0x00000000d5a00000,0x00000000d5b00000)
 ParOldGen       total 1199616K, used 1199491K [0x0000000080000000, 0x00000000c9380000, 0x00000000d5580000)
  object space 1199616K, 99% used [0x0000000080000000,0x00000000c9360fe8,0x00000000c9380000)
 Metaspace       used 105864K, committed 107904K, reserved 1179648K
  class space    used 10749K, committed 11712K, reserved 1048576K
}
Event: 8803.635 GC heap before
{Heap before GC invocations=5871 (full 8):
 PSYoungGen      total 2560K, used 2530K [0x00000000d5580000, 0x00000000d5c00000, 0x0000000100000000)
  eden space 2048K, 100% used [0x00000000d5580000,0x00000000d5780000,0x00000000d5780000)
  from space 512K, 94% used [0x00000000d5b80000,0x00000000d5bf8820,0x00000000d5c00000)
  to   space 1024K, 0% used [0x00000000d5a00000,0x00000000d5a00000,0x00000000d5b00000)
 ParOldGen       total 1199616K, used 1199491K [0x0000000080000000, 0x00000000c9380000, 0x00000000d5580000)
  object space 1199616K, 99% used [0x0000000080000000,0x00000000c9360fe8,0x00000000c9380000)
 Metaspace       used 105864K, committed 107904K, reserved 1179648K
  class space    used 10749K, committed 11712K, reserved 1048576K
}
Event: 8803.640 GC heap after
{Heap after GC invocations=5871 (full 8):
 PSYoungGen      total 3072K, used 584K [0x00000000d5580000, 0x00000000d5c00000, 0x0000000100000000)
  eden space 2048K, 0% used [0x00000000d5580000,0x00000000d5580000,0x00000000d5780000)
  from space 1024K, 57% used [0x00000000d5a00000,0x00000000d5a92350,0x00000000d5b00000)
  to   space 1024K, 0% used [0x00000000d5b00000,0x00000000d5b00000,0x00000000d5c00000)
 ParOldGen       total 1200128K, used 1199803K [0x0000000080000000, 0x00000000c9400000, 0x00000000d5580000)
  object space 1200128K, 99% used [0x0000000080000000,0x00000000c93aeff8,0x00000000c9400000)
 Metaspace       used 105864K, committed 107904K, reserved 1179648K
  class space    used 10749K, committed 11712K, reserved 1048576K
}
Event: 8803.987 GC heap before
{Heap before GC invocations=5872 (full 8):
 PSYoungGen      total 3072K, used 2632K [0x00000000d5580000, 0x00000000d5c00000, 0x0000000100000000)
  eden space 2048K, 100% used [0x00000000d5580000,0x00000000d5780000,0x00000000d5780000)
  from space 1024K, 57% used [0x00000000d5a00000,0x00000000d5a92350,0x00000000d5b00000)
  to   space 1024K, 0% used [0x00000000d5b00000,0x00000000d5b00000,0x00000000d5c00000)
 ParOldGen       total 1200128K, used 1199803K [0x0000000080000000, 0x00000000c9400000, 0x00000000d5580000)
  object space 1200128K, 99% used [0x0000000080000000,0x00000000c93aeff8,0x00000000c9400000)
 Metaspace       used 105864K, committed 107904K, reserved 1179648K
  class space    used 10749K, committed 11712K, reserved 1048576K
}
Event: 8803.996 GC heap after
{Heap after GC invocations=5872 (full 8):
 PSYoungGen      total 3072K, used 608K [0x00000000d5580000, 0x00000000d5c00000, 0x0000000100000000)
  eden space 2048K, 0% used [0x00000000d5580000,0x00000000d5580000,0x00000000d5780000)
  from space 1024K, 59% used [0x00000000d5b00000,0x00000000d5b98020,0x00000000d5c00000)
  to   space 1024K, 0% used [0x00000000d5a00000,0x00000000d5a00000,0x00000000d5b00000)
 ParOldGen       total 1200640K, used 1200187K [0x0000000080000000, 0x00000000c9480000, 0x00000000d5580000)
  object space 1200640K, 99% used [0x0000000080000000,0x00000000c940eff8,0x00000000c9480000)
 Metaspace       used 105864K, committed 107904K, reserved 1179648K
  class space    used 10749K, committed 11712K, reserved 1048576K
}
Event: 8804.016 GC heap before
{Heap before GC invocations=5873 (full 8):
 PSYoungGen      total 3072K, used 2656K [0x00000000d5580000, 0x00000000d5c00000, 0x0000000100000000)
  eden space 2048K, 100% used [0x00000000d5580000,0x00000000d5780000,0x00000000d5780000)
  from space 1024K, 59% used [0x00000000d5b00000,0x00000000d5b98020,0x00000000d5c00000)
  to   space 1024K, 0% used [0x00000000d5a00000,0x00000000d5a00000,0x00000000d5b00000)
 ParOldGen       total 1200640K, used 1200187K [0x0000000080000000, 0x00000000c9480000, 0x00000000d5580000)
  object space 1200640K, 99% used [0x0000000080000000,0x00000000c940eff8,0x00000000c9480000)
 Metaspace       used 105864K, committed 107904K, reserved 1179648K
  class space    used 10749K, committed 11712K, reserved 1048576K
}
Event: 8804.026 GC heap after
{Heap after GC invocations=5873 (full 8):
 PSYoungGen      total 3072K, used 640K [0x00000000d5580000, 0x00000000d5b80000, 0x0000000100000000)
  eden space 2048K, 0% used [0x00000000d5580000,0x00000000d5580000,0x00000000d5780000)
  from space 1024K, 62% used [0x00000000d5a00000,0x00000000d5aa0000,0x00000000d5b00000)
  to   space 512K, 0% used [0x00000000d5b00000,0x00000000d5b00000,0x00000000d5b80000)
 ParOldGen       total 1200640K, used 1200308K [0x0000000080000000, 0x00000000c9480000, 0x00000000d5580000)
  object space 1200640K, 99% used [0x0000000080000000,0x00000000c942d018,0x00000000c9480000)
 Metaspace       used 105864K, committed 107904K, reserved 1179648K
  class space    used 10749K, committed 11712K, reserved 1048576K
}
Event: 12670.315 GC heap before
{Heap before GC invocations=5874 (full 8):
 PSYoungGen      total 3072K, used 2688K [0x00000000d5580000, 0x00000000d5b80000, 0x0000000100000000)
  eden space 2048K, 100% used [0x00000000d5580000,0x00000000d5780000,0x00000000d5780000)
  from space 1024K, 62% used [0x00000000d5a00000,0x00000000d5aa0000,0x00000000d5b00000)
  to   space 512K, 0% used [0x00000000d5b00000,0x00000000d5b00000,0x00000000d5b80000)
 ParOldGen       total 1200640K, used 1200308K [0x0000000080000000, 0x00000000c9480000, 0x00000000d5580000)
  object space 1200640K, 99% used [0x0000000080000000,0x00000000c942d018,0x00000000c9480000)
 Metaspace       used 105869K, committed 107904K, reserved 1179648K
  class space    used 10749K, committed 11712K, reserved 1048576K
}
Event: 12670.611 GC heap after
{Heap after GC invocations=5874 (full 8):
 PSYoungGen      total 2560K, used 224K [0x00000000d5580000, 0x00000000d5b80000, 0x0000000100000000)
  eden space 2048K, 0% used [0x00000000d5580000,0x00000000d5580000,0x00000000d5780000)
  from space 512K, 43% used [0x00000000d5b00000,0x00000000d5b38000,0x00000000d5b80000)
  to   space 512K, 0% used [0x00000000d5a80000,0x00000000d5a80000,0x00000000d5b00000)
 ParOldGen       total 1200640K, used 1200332K [0x0000000080000000, 0x00000000c9480000, 0x00000000d5580000)
  object space 1200640K, 99% used [0x0000000080000000,0x00000000c9433018,0x00000000c9480000)
 Metaspace       used 105869K, committed 107904K, reserved 1179648K
  class space    used 10749K, committed 11712K, reserved 1048576K
}
Event: 17965.313 GC heap before
{Heap before GC invocations=5875 (full 8):
 PSYoungGen      total 2560K, used 2272K [0x00000000d5580000, 0x00000000d5b80000, 0x0000000100000000)
  eden space 2048K, 100% used [0x00000000d5580000,0x00000000d5780000,0x00000000d5780000)
  from space 512K, 43% used [0x00000000d5b00000,0x00000000d5b38000,0x00000000d5b80000)
  to   space 512K, 0% used [0x00000000d5a80000,0x00000000d5a80000,0x00000000d5b00000)
 ParOldGen       total 1200640K, used 1200332K [0x0000000080000000, 0x00000000c9480000, 0x00000000d5580000)
  object space 1200640K, 99% used [0x0000000080000000,0x00000000c9433018,0x00000000c9480000)
 Metaspace       used 105888K, committed 107968K, reserved 1179648K
  class space    used 10749K, committed 11712K, reserved 1048576K
}
Event: 17965.559 GC heap after
{Heap after GC invocations=5875 (full 8):
 PSYoungGen      total 2560K, used 128K [0x00000000d5580000, 0x00000000d5b80000, 0x0000000100000000)
  eden space 2048K, 0% used [0x00000000d5580000,0x00000000d5580000,0x00000000d5780000)
  from space 512K, 25% used [0x00000000d5a80000,0x00000000d5aa0000,0x00000000d5b00000)
  to   space 512K, 0% used [0x00000000d5b00000,0x00000000d5b00000,0x00000000d5b80000)
 ParOldGen       total 1200640K, used 1200356K [0x0000000080000000, 0x00000000c9480000, 0x00000000d5580000)
  object space 1200640K, 99% used [0x0000000080000000,0x00000000c9439018,0x00000000c9480000)
 Metaspace       used 105888K, committed 107968K, reserved 1179648K
  class space    used 10749K, committed 11712K, reserved 1048576K
}

Dll operation events (14 events):
Event: 0.017 Loaded shared library c:\Users\USER\.vscode\extensions\redhat.java-1.55.0-win32-x64\jre\21.0.11-win32-x86_64\bin\java.dll
Event: 0.144 Loaded shared library c:\Users\USER\.vscode\extensions\redhat.java-1.55.0-win32-x64\jre\21.0.11-win32-x86_64\bin\zip.dll
Event: 0.210 Loaded shared library C:\Users\USER\.vscode\extensions\redhat.java-1.55.0-win32-x64\jre\21.0.11-win32-x86_64\bin\instrument.dll
Event: 0.220 Loaded shared library C:\Users\USER\.vscode\extensions\redhat.java-1.55.0-win32-x64\jre\21.0.11-win32-x86_64\bin\net.dll
Event: 0.225 Loaded shared library C:\Users\USER\.vscode\extensions\redhat.java-1.55.0-win32-x64\jre\21.0.11-win32-x86_64\bin\nio.dll
Event: 0.232 Loaded shared library C:\Users\USER\.vscode\extensions\redhat.java-1.55.0-win32-x64\jre\21.0.11-win32-x86_64\bin\zip.dll
Event: 0.270 Loaded shared library C:\Users\USER\.vscode\extensions\redhat.java-1.55.0-win32-x64\jre\21.0.11-win32-x86_64\bin\jimage.dll
Event: 0.394 Loaded shared library c:\Users\USER\.vscode\extensions\redhat.java-1.55.0-win32-x64\jre\21.0.11-win32-x86_64\bin\verify.dll
Event: 2.110 Loaded shared library C:\Users\USER\AppData\Roaming\Code\User\globalStorage\redhat.java\1.55.0\config_win\org.eclipse.equinox.launcher\org.eclipse.equinox.launcher.win32.win32.x86_64_1.3.100.v20260613-0559\eclipse_11924.dll
Event: 5.029 Loaded shared library C:\Users\USER\AppData\Local\Temp\jna-2614219\jna5268797788821103472.dll
Event: 6.904 Loaded shared library C:\Users\USER\.vscode\extensions\redhat.java-1.55.0-win32-x64\jre\21.0.11-win32-x86_64\bin\sunmscapi.dll
Event: 6.974 Loaded shared library C:\Users\USER\.vscode\extensions\redhat.java-1.55.0-win32-x64\jre\21.0.11-win32-x86_64\bin\extnet.dll
Event: 2545.145 Loaded shared library C:\Users\USER\.vscode\extensions\redhat.java-1.55.0-win32-x64\jre\21.0.11-win32-x86_64\bin\management.dll
Event: 2545.149 Loaded shared library C:\Users\USER\.vscode\extensions\redhat.java-1.55.0-win32-x64\jre\21.0.11-win32-x86_64\bin\management_ext.dll

Deoptimization events (20 events):
Event: 7134.321 Thread 0x00000296790178a0 Uncommon trap: trap_request=0xffffffd6 fr.pc=0x000002966422de78 relative=0x0000000000000338
Event: 7134.322 Thread 0x00000296790178a0 Uncommon trap: reason=array_check action=maybe_recompile pc=0x000002966422de78 method=java.util.concurrent.ScheduledThreadPoolExecutor$DelayedWorkQueue.offer(Ljava/lang/Runnable;)Z @ 65 c2
Event: 7134.322 Thread 0x00000296790178a0 DEOPT PACKING pc=0x000002966422de78 sp=0x000000ceb43ff0c0
Event: 7134.322 Thread 0x00000296790178a0 DEOPT UNPACKING pc=0x00000296625f3aa2 sp=0x000000ceb43fef60 mode 2
Event: 7135.313 Thread 0x00000296790178a0 Uncommon trap: trap_request=0xffffffd6 fr.pc=0x000002966314ff70 relative=0x0000000000000330
Event: 7135.313 Thread 0x00000296790178a0 Uncommon trap: reason=array_check action=maybe_recompile pc=0x000002966314ff70 method=java.util.concurrent.ScheduledThreadPoolExecutor$DelayedWorkQueue.offer(Ljava/lang/Runnable;)Z @ 65 c2
Event: 7135.313 Thread 0x00000296790178a0 DEOPT PACKING pc=0x000002966314ff70 sp=0x000000ceb43fefe0
Event: 7135.313 Thread 0x00000296790178a0 DEOPT UNPACKING pc=0x00000296625f3aa2 sp=0x000000ceb43fef60 mode 2
Event: 7755.164 Thread 0x0000029670855420 Uncommon trap: trap_request=0xffffff54 fr.pc=0x0000029663ef3360 relative=0x0000000000000c80
Event: 7755.164 Thread 0x0000029670855420 Uncommon trap: reason=speculate_null_assert action=make_not_entrant pc=0x0000029663ef3360 method=org.eclipse.jdt.internal.compiler.lookup.ModuleBinding.isPackageExportedTo(Lorg/eclipse/jdt/internal/compiler/lookup/PackageBinding;Lorg/eclipse/jdt/internal/
Event: 7755.164 Thread 0x0000029670855420 DEOPT PACKING pc=0x0000029663ef3360 sp=0x000000ceb2cfdb00
Event: 7755.164 Thread 0x0000029670855420 DEOPT UNPACKING pc=0x00000296625f3aa2 sp=0x000000ceb2cfd9f8 mode 2
Event: 7755.165 Thread 0x0000029670855420 Uncommon trap: trap_request=0xffffff45 fr.pc=0x0000029663013fec relative=0x000000000000110c
Event: 7755.165 Thread 0x0000029670855420 Uncommon trap: reason=unstable_if action=reinterpret pc=0x0000029663013fec method=org.eclipse.jdt.internal.compiler.ast.TypeReference.internalResolveType(Lorg/eclipse/jdt/internal/compiler/lookup/Scope;I)Lorg/eclipse/jdt/internal/compiler/lookup/TypeBindi
Event: 7755.165 Thread 0x0000029670855420 DEOPT PACKING pc=0x0000029663013fec sp=0x000000ceb2cfde00
Event: 7755.165 Thread 0x0000029670855420 DEOPT UNPACKING pc=0x00000296625f3aa2 sp=0x000000ceb2cfdde8 mode 2
Event: 7758.515 Thread 0x00000296708567d0 Uncommon trap: trap_request=0xffffff45 fr.pc=0x000002966336af6c relative=0x00000000000029cc
Event: 7758.515 Thread 0x00000296708567d0 Uncommon trap: reason=unstable_if action=reinterpret pc=0x000002966336af6c method=org.eclipse.jdt.internal.core.NameLookup.seekTypesInBinaryPackage(Ljava/lang/String;Lorg/eclipse/jdt/core/IPackageFragment;ZILorg/eclipse/jdt/internal/core/IJavaElementReque
Event: 7758.515 Thread 0x00000296708567d0 DEOPT PACKING pc=0x000002966336af6c sp=0x000000ceb41fdb80
Event: 7758.515 Thread 0x00000296708567d0 DEOPT UNPACKING pc=0x00000296625f3aa2 sp=0x000000ceb41fdb38 mode 2

Classes loaded (20 events):
Event: 2583.529 Loading class javax/xml/transform/TransformerConfigurationException
Event: 2583.529 Loading class javax/xml/transform/TransformerConfigurationException done
Event: 2602.449 Loading class javax/net/ssl/SSLPeerUnverifiedException
Event: 2602.449 Loading class javax/net/ssl/SSLPeerUnverifiedException done
Event: 2602.453 Loading class javax/naming/NamingException
Event: 2602.453 Loading class javax/naming/NamingException done
Event: 2602.453 Loading class javax/naming/InvalidNameException
Event: 2602.453 Loading class javax/naming/InvalidNameException done
Event: 2602.453 Loading class java/security/cert/CertificateParsingException
Event: 2602.454 Loading class java/security/cert/CertificateParsingException done
Event: 2602.463 Loading class java/util/concurrent/ConcurrentHashMap$TreeNode
Event: 2602.463 Loading class java/util/concurrent/ConcurrentHashMap$TreeNode done
Event: 2602.463 Loading class java/util/concurrent/ConcurrentHashMap$TreeBin
Event: 2602.463 Loading class java/util/concurrent/ConcurrentHashMap$TreeBin done
Event: 2602.468 Loading class java/net/NoRouteToHostException
Event: 2602.468 Loading class java/net/NoRouteToHostException done
Event: 2602.522 Loading class java/util/concurrent/atomic/AtomicMarkableReference
Event: 2602.522 Loading class java/util/concurrent/atomic/AtomicMarkableReference done
Event: 2602.522 Loading class java/util/concurrent/atomic/AtomicMarkableReference$Pair
Event: 2602.522 Loading class java/util/concurrent/atomic/AtomicMarkableReference$Pair done

Classes unloaded (20 events):
Event: 2729.733 Thread 0x0000029657f10810 Unloading class 0x0000029601a6c448 'org/codehaus/plexus/interpolation/BasicInterpolator'
Event: 2729.733 Thread 0x0000029657f10810 Unloading class 0x0000029601a6c248 'org/codehaus/plexus/interpolation/ValueSource'
Event: 2729.733 Thread 0x0000029657f10810 Unloading class 0x0000029601a6c000 'org/apache/maven/shared/filtering/ChangeDetection'
Event: 2729.733 Thread 0x0000029657f10810 Unloading class 0x0000029601872a78 'org/apache/maven/shared/filtering/MavenResourcesExecution'
Event: 2729.733 Thread 0x0000029657f10810 Unloading class 0x0000029601872780 'org/apache/maven/shared/filtering/AbstractMavenFilteringRequest'
Event: 2729.733 Thread 0x0000029657f10810 Unloading class 0x0000029601872520 'org/apache/maven/shared/filtering/MavenFilteringException'
Event: 2729.733 Thread 0x0000029657f10810 Unloading class 0x0000029601872200 'org/codehaus/plexus/build/DefaultBuildContext'
Event: 2729.733 Thread 0x0000029657f10810 Unloading class 0x0000029601872000 'org/codehaus/plexus/build/BuildContext'
Event: 2729.733 Thread 0x0000029657f10810 Unloading class 0x0000029601a3dda0 'org/apache/maven/shared/filtering/DefaultMavenResourcesFiltering'
Event: 2729.733 Thread 0x0000029657f10810 Unloading class 0x0000029601a3dba0 'org/apache/maven/shared/filtering/MavenResourcesFiltering'
Event: 2729.733 Thread 0x0000029657f10810 Unloading class 0x0000029601a3d910 'org/apache/maven/shared/filtering/DefaultMavenReaderFilter'
Event: 2729.733 Thread 0x0000029657f10810 Unloading class 0x0000029601a3d710 'org/apache/maven/shared/filtering/MavenReaderFilter'
Event: 2729.733 Thread 0x0000029657f10810 Unloading class 0x0000029601a3d450 'org/apache/maven/shared/filtering/DefaultMavenFileFilter'
Event: 2729.733 Thread 0x0000029657f10810 Unloading class 0x0000029601a3d200 'org/apache/maven/shared/filtering/BaseFilter'
Event: 2729.733 Thread 0x0000029657f10810 Unloading class 0x0000029601a3d000 'org/apache/maven/shared/filtering/MavenFileFilter'
Event: 2729.733 Thread 0x0000029657f10810 Unloading class 0x0000029601a3bd98 'org/apache/maven/shared/filtering/DefaultFilterInfo'
Event: 2729.733 Thread 0x0000029657f10810 Unloading class 0x0000029601a3ba88 'org/apache/maven/plugins/resources/TestResourcesMojo'
Event: 2729.733 Thread 0x0000029657f10810 Unloading class 0x0000029601a3b800 'org/apache/maven/plugins/maven_resources_plugin/HelpMojo'
Event: 2729.733 Thread 0x0000029657f10810 Unloading class 0x00000296016eeb10 'org/apache/maven/plugins/resources/CopyResourcesMojo'
Event: 2729.733 Thread 0x0000029657f10810 Unloading class 0x00000296016ee800 'org/apache/maven/plugins/resources/ResourcesMojo'

Classes redefined (0 events):
No events

Internal exceptions (20 events):
Event: 3767.675 Thread 0x00000296708567d0 Exception <a 'sun/nio/fs/WindowsException'{0x00000000d58db028}> (0x00000000d58db028) 
thrown [s\src\hotspot\share\prims\jni.cpp, line 520]
Event: 3767.675 Thread 0x00000296708567d0 Exception <a 'sun/nio/fs/WindowsException'{0x00000000d58db9e8}> (0x00000000d58db9e8) 
thrown [s\src\hotspot\share\prims\jni.cpp, line 520]
Event: 3767.675 Thread 0x00000296708567d0 Exception <a 'sun/nio/fs/WindowsException'{0x00000000d58dd418}> (0x00000000d58dd418) 
thrown [s\src\hotspot\share\prims\jni.cpp, line 520]
Event: 3767.675 Thread 0x00000296708567d0 Exception <a 'sun/nio/fs/WindowsException'{0x00000000d58ddb28}> (0x00000000d58ddb28) 
thrown [s\src\hotspot\share\prims\jni.cpp, line 520]
Event: 3767.677 Thread 0x00000296708567d0 Exception <a 'sun/nio/fs/WindowsException'{0x00000000d58f8078}> (0x00000000d58f8078) 
thrown [s\src\hotspot\share\prims\jni.cpp, line 520]
Event: 3767.677 Thread 0x00000296708567d0 Exception <a 'sun/nio/fs/WindowsException'{0x00000000d58f8a38}> (0x00000000d58f8a38) 
thrown [s\src\hotspot\share\prims\jni.cpp, line 520]
Event: 3767.809 Thread 0x0000029670856e60 Exception <a 'sun/nio/fs/WindowsException'{0x00000000d5d88548}> (0x00000000d5d88548) 
thrown [s\src\hotspot\share\prims\jni.cpp, line 520]
Event: 3767.809 Thread 0x0000029670856e60 Exception <a 'sun/nio/fs/WindowsException'{0x00000000d5d88bb8}> (0x00000000d5d88bb8) 
thrown [s\src\hotspot\share\prims\jni.cpp, line 520]
Event: 7758.397 Thread 0x0000029676b0f7f0 Exception <a 'sun/nio/fs/WindowsException'{0x00000000d589b170}> (0x00000000d589b170) 
thrown [s\src\hotspot\share\prims\jni.cpp, line 520]
Event: 7758.931 Thread 0x0000029676b0f7f0 Exception <a 'sun/nio/fs/WindowsException'{0x00000000d5612338}> (0x00000000d5612338) 
thrown [s\src\hotspot\share\prims\jni.cpp, line 520]
Event: 7761.726 Thread 0x0000029676b0f7f0 Exception <a 'sun/nio/fs/WindowsException'{0x00000000d595bbb8}> (0x00000000d595bbb8) 
thrown [s\src\hotspot\share\prims\jni.cpp, line 520]
Event: 7761.927 Thread 0x0000029676b0f7f0 Exception <a 'sun/nio/fs/WindowsException'{0x00000000d59346e0}> (0x00000000d59346e0) 
thrown [s\src\hotspot\share\prims\jni.cpp, line 520]
Event: 7764.355 Thread 0x0000029676b0f7f0 Exception <a 'sun/nio/fs/WindowsException'{0x00000000d56cff40}> (0x00000000d56cff40) 
thrown [s\src\hotspot\share\prims\jni.cpp, line 520]
Event: 7764.658 Thread 0x0000029676b0f7f0 Exception <a 'sun/nio/fs/WindowsException'{0x00000000d56a9f98}> (0x00000000d56a9f98) 
thrown [s\src\hotspot\share\prims\jni.cpp, line 520]
Event: 7785.703 Thread 0x0000029676b0f7f0 Exception <a 'sun/nio/fs/WindowsException'{0x00000000d5736b20}> (0x00000000d5736b20) 
thrown [s\src\hotspot\share\prims\jni.cpp, line 520]
Event: 7786.020 Thread 0x0000029676b0f7f0 Exception <a 'sun/nio/fs/WindowsException'{0x00000000d57be428}> (0x00000000d57be428) 
thrown [s\src\hotspot\share\prims\jni.cpp, line 520]
Event: 7833.646 Thread 0x0000029676b0f7f0 Exception <a 'sun/nio/fs/WindowsException'{0x00000000d5691748}> (0x00000000d5691748) 
thrown [s\src\hotspot\share\prims\jni.cpp, line 520]
Event: 7834.062 Thread 0x0000029676b0f7f0 Exception <a 'sun/nio/fs/WindowsException'{0x00000000d55bc7e0}> (0x00000000d55bc7e0) 
thrown [s\src\hotspot\share\prims\jni.cpp, line 520]
Event: 8054.256 Thread 0x00000296790185c0 Exception <a 'sun/nio/fs/WindowsException'{0x00000000d5616440}> (0x00000000d5616440) 
thrown [s\src\hotspot\share\prims\jni.cpp, line 520]
Event: 8054.256 Thread 0x00000296790185c0 Exception <a 'sun/nio/fs/WindowsException'{0x00000000d5617080}> (0x00000000d5617080) 
thrown [s\src\hotspot\share\prims\jni.cpp, line 520]

ZGC Phase Switch (0 events):
No events

VM Operations (20 events):
Event: 17892.379 Executing non-safepoint VM operation: RendezvousGCThreads
Event: 17892.379 Executing non-safepoint VM operation: RendezvousGCThreads done
Event: 17952.423 Executing non-safepoint VM operation: HandshakeAllThreads (HandshakeForDeflation)
Event: 17952.424 Executing non-safepoint VM operation: HandshakeAllThreads (HandshakeForDeflation) done
Event: 17952.424 Executing non-safepoint VM operation: RendezvousGCThreads
Event: 17952.424 Executing non-safepoint VM operation: RendezvousGCThreads done
Event: 17965.312 Executing safepoint VM operation: ParallelGCFailedAllocation (Allocation Failure)
Event: 17965.559 Executing safepoint VM operation: ParallelGCFailedAllocation (Allocation Failure) done
Event: 18072.632 Executing non-safepoint VM operation: HandshakeAllThreads (HandshakeForDeflation)
Event: 18072.633 Executing non-safepoint VM operation: HandshakeAllThreads (HandshakeForDeflation) done
Event: 18072.633 Executing non-safepoint VM operation: RendezvousGCThreads
Event: 18072.633 Executing non-safepoint VM operation: RendezvousGCThreads done
Event: 18252.962 Executing non-safepoint VM operation: HandshakeAllThreads (HandshakeForDeflation)
Event: 18252.962 Executing non-safepoint VM operation: HandshakeAllThreads (HandshakeForDeflation) done
Event: 18252.962 Executing non-safepoint VM operation: RendezvousGCThreads
Event: 18252.962 Executing non-safepoint VM operation: RendezvousGCThreads done
Event: 18433.409 Executing non-safepoint VM operation: HandshakeAllThreads (HandshakeForDeflation)
Event: 18433.409 Executing non-safepoint VM operation: HandshakeAllThreads (HandshakeForDeflation) done
Event: 18433.409 Executing non-safepoint VM operation: RendezvousGCThreads
Event: 18433.409 Executing non-safepoint VM operation: RendezvousGCThreads done

Memory protections (0 events):
No events

Nmethod flushes (20 events):
Event: 2729.781 Thread 0x0000029657f10810 flushing  nmethod 0x000002965e053290
Event: 2729.781 Thread 0x0000029657f10810 flushing  nmethod 0x000002965e061d90
Event: 2729.781 Thread 0x0000029657f10810 flushing  nmethod 0x000002965e067c90
Event: 2729.781 Thread 0x0000029657f10810 flushing  nmethod 0x000002965e068910
Event: 2729.781 Thread 0x0000029657f10810 flushing  nmethod 0x000002965e06a910
Event: 2729.781 Thread 0x0000029657f10810 flushing  nmethod 0x000002965e075c90
Event: 2729.781 Thread 0x0000029657f10810 flushing  nmethod 0x000002965e09fa90
Event: 2729.781 Thread 0x0000029657f10810 flushing  nmethod 0x000002965e0a1990
Event: 2729.781 Thread 0x0000029657f10810 flushing  nmethod 0x000002965e0a2c10
Event: 2729.781 Thread 0x0000029657f10810 flushing osr nmethod 0x000002965e0a6790
Event: 2729.781 Thread 0x0000029657f10810 flushing  nmethod 0x000002965e0b4610
Event: 2729.781 Thread 0x0000029657f10810 flushing  nmethod 0x000002965e0b8010
Event: 2729.781 Thread 0x0000029657f10810 flushing  nmethod 0x000002965e0c2b90
Event: 2729.781 Thread 0x0000029657f10810 flushing  nmethod 0x000002965e0d5610
Event: 2729.781 Thread 0x0000029657f10810 flushing  nmethod 0x000002965e0f1f90
Event: 2729.781 Thread 0x0000029657f10810 flushing  nmethod 0x000002965e0f4810
Event: 2729.781 Thread 0x0000029657f10810 flushing  nmethod 0x000002965e0fb210
Event: 2729.781 Thread 0x0000029657f10810 flushing  nmethod 0x000002965e105710
Event: 2729.781 Thread 0x0000029657f10810 flushing  nmethod 0x000002965e105b90
Event: 2729.781 Thread 0x0000029657f10810 flushing  nmethod 0x000002965e106290

Events (20 events):
Event: 8196.089 Thread 0x00000296708567d0 Thread exited: 0x00000296708567d0
Event: 8256.090 Thread 0x0000029670856e60 Thread exited: 0x0000029670856e60
Event: 8302.937 Thread 0x0000029676b13990 Thread added: 0x0000029679ead9f0
Event: 8364.955 Thread 0x0000029679ead9f0 Thread exited: 0x0000029679ead9f0
Event: 8365.450 Thread 0x0000029670851280 Thread exited: 0x0000029670851280
Event: 8665.454 Thread 0x0000029670854d90 Thread exited: 0x0000029670854d90
Event: 8798.631 Thread 0x0000029676b13990 Thread added: 0x0000029679ead9f0
Event: 8803.551 Thread 0x0000029676b13990 Thread added: 0x0000029679eafac0
Event: 8803.553 Thread 0x0000029679eafac0 Thread added: 0x0000029679eae080
Event: 8803.555 Thread 0x0000029679eae080 Thread added: 0x0000029679eb28b0
Event: 8803.556 Thread 0x0000029679eb28b0 Thread added: 0x0000029679eb35d0
Event: 8863.740 Thread 0x0000029679eb35d0 Thread exited: 0x0000029679eb35d0
Event: 8923.747 Thread 0x0000029679eb28b0 Thread exited: 0x0000029679eb28b0
Event: 8965.461 Thread 0x0000029670854700 Thread exited: 0x0000029670854700
Event: 8983.754 Thread 0x0000029679eae080 Thread exited: 0x0000029679eae080
Event: 9043.760 Thread 0x0000029679ead9f0 Thread exited: 0x0000029679ead9f0
Event: 9103.770 Thread 0x0000029679eafac0 Thread exited: 0x0000029679eafac0
Event: 9265.469 Thread 0x0000029676b15a60 Thread exited: 0x0000029676b15a60
Event: 9565.477 Thread 0x0000029679017f30 Thread exited: 0x0000029679017f30
Event: 9865.484 Thread 0x0000029679016b80 Thread exited: 0x0000029679016b80


Dynamic libraries:
0x00007ff649270000 - 0x00007ff64927e000 	c:\Users\USER\.vscode\extensions\redhat.java-1.55.0-win32-x64\jre\21.0.11-win32-x86_64\bin\java.exe
0x00007ffaa7760000 - 0x00007ffaa79c6000 	C:\WINDOWS\SYSTEM32\ntdll.dll
0x00007ffaa6330000 - 0x00007ffaa63f9000 	C:\WINDOWS\System32\KERNEL32.DLL
0x00007ffaa4e00000 - 0x00007ffaa51ff000 	C:\WINDOWS\System32\KERNELBASE.dll
0x00007ffaa4c10000 - 0x00007ffaa4d5c000 	C:\WINDOWS\System32\ucrtbase.dll
0x00007ffa9c1c0000 - 0x00007ffa9c1d8000 	c:\Users\USER\.vscode\extensions\redhat.java-1.55.0-win32-x64\jre\21.0.11-win32-x86_64\bin\jli.dll
0x00007ffa9c420000 - 0x00007ffa9c43e000 	c:\Users\USER\.vscode\extensions\redhat.java-1.55.0-win32-x64\jre\21.0.11-win32-x86_64\bin\VCRUNTIME140.dll
0x00007ffaa64f0000 - 0x00007ffaa66b6000 	C:\WINDOWS\System32\USER32.dll
0x00007ffaa49f0000 - 0x00007ffaa4a17000 	C:\WINDOWS\System32\win32u.dll
0x00007ffa8e660000 - 0x00007ffa8e8f1000 	C:\WINDOWS\WinSxS\amd64_microsoft.windows.common-controls_6595b64144ccf1df_6.0.26100.8972_none_3e0da176e32f9d4b\COMCTL32.dll
0x00007ffaa5bb0000 - 0x00007ffaa5bdb000 	C:\WINDOWS\System32\GDI32.dll
0x00007ffaa5460000 - 0x00007ffaa5509000 	C:\WINDOWS\System32\msvcrt.dll
0x00007ffaa4a20000 - 0x00007ffaa4b49000 	C:\WINDOWS\System32\gdi32full.dll
0x00007ffaa4940000 - 0x00007ffaa49e3000 	C:\WINDOWS\System32\msvcp_win.dll
0x00007ffaa76b0000 - 0x00007ffaa76e2000 	C:\WINDOWS\System32\IMM32.DLL
0x00007ffa9f150000 - 0x00007ffa9f15c000 	c:\Users\USER\.vscode\extensions\redhat.java-1.55.0-win32-x64\jre\21.0.11-win32-x86_64\bin\vcruntime140_1.dll
0x00007ffa2d1d0000 - 0x00007ffa2d25d000 	c:\Users\USER\.vscode\extensions\redhat.java-1.55.0-win32-x64\jre\21.0.11-win32-x86_64\bin\msvcp140.dll
0x00007ff9edb70000 - 0x00007ff9ee912000 	c:\Users\USER\.vscode\extensions\redhat.java-1.55.0-win32-x64\jre\21.0.11-win32-x86_64\bin\server\jvm.dll
0x00007ffaa6bf0000 - 0x00007ffaa6cac000 	C:\WINDOWS\System32\ADVAPI32.dll
0x00007ffaa7600000 - 0x00007ffaa76aa000 	C:\WINDOWS\System32\sechost.dll
0x00007ffaa5c30000 - 0x00007ffaa5d48000 	C:\WINDOWS\System32\RPCRT4.dll
0x00007ffaa5de0000 - 0x00007ffaa5e62000 	C:\WINDOWS\System32\WS2_32.dll
0x00007ffa960c0000 - 0x00007ffa960cb000 	C:\WINDOWS\SYSTEM32\VERSION.dll
0x00007ffa8a830000 - 0x00007ffa8a866000 	C:\WINDOWS\SYSTEM32\WINMM.dll
0x00007ffaa47a0000 - 0x00007ffaa47fe000 	C:\WINDOWS\SYSTEM32\POWRPROF.dll
0x00007ffaa4780000 - 0x00007ffaa4795000 	C:\WINDOWS\SYSTEM32\UMPDC.dll
0x00007ffaa35f0000 - 0x00007ffaa360b000 	C:\WINDOWS\SYSTEM32\kernel.appcore.dll
0x00007ffa9f110000 - 0x00007ffa9f11a000 	c:\Users\USER\.vscode\extensions\redhat.java-1.55.0-win32-x64\jre\21.0.11-win32-x86_64\bin\jimage.dll
0x00007ffaa1e10000 - 0x00007ffaa2052000 	C:\WINDOWS\SYSTEM32\DBGHELP.DLL
0x00007ffaa5e90000 - 0x00007ffaa6215000 	C:\WINDOWS\System32\combase.dll
0x00007ffaa6400000 - 0x00007ffaa64d9000 	C:\WINDOWS\System32\OLEAUT32.dll
0x00007ffa85db0000 - 0x00007ffa85deb000 	C:\WINDOWS\SYSTEM32\dbgcore.DLL
0x00007ffaa53a0000 - 0x00007ffaa544c000 	C:\WINDOWS\System32\bcryptPrimitives.dll
0x00007ffa9f010000 - 0x00007ffa9f01f000 	c:\Users\USER\.vscode\extensions\redhat.java-1.55.0-win32-x64\jre\21.0.11-win32-x86_64\bin\instrument.dll
0x00007ffa9c1a0000 - 0x00007ffa9c1c0000 	c:\Users\USER\.vscode\extensions\redhat.java-1.55.0-win32-x64\jre\21.0.11-win32-x86_64\bin\java.dll
0x00007ffaa6dc0000 - 0x00007ffaa7548000 	C:\WINDOWS\System32\SHELL32.dll
0x00007ffaa23d0000 - 0x00007ffaa2c6b000 	C:\WINDOWS\SYSTEM32\windows.storage.dll
0x00007ffaa6220000 - 0x00007ffaa6319000 	C:\WINDOWS\System32\SHCORE.dll
0x00007ffaa59a0000 - 0x00007ffaa5a06000 	C:\WINDOWS\System32\shlwapi.dll
0x00007ffaa4860000 - 0x00007ffaa4889000 	C:\WINDOWS\SYSTEM32\profapi.dll
0x00007ffa9c160000 - 0x00007ffa9c178000 	c:\Users\USER\.vscode\extensions\redhat.java-1.55.0-win32-x64\jre\21.0.11-win32-x86_64\bin\zip.dll
0x00007ffa9ef70000 - 0x00007ffa9ef80000 	C:\Users\USER\.vscode\extensions\redhat.java-1.55.0-win32-x64\jre\21.0.11-win32-x86_64\bin\net.dll
0x00007ffa9b790000 - 0x00007ffa9b8b8000 	C:\WINDOWS\SYSTEM32\WINHTTP.dll
0x00007ffaa3b80000 - 0x00007ffaa3bec000 	C:\WINDOWS\system32\mswsock.dll
0x00007ffa95fe0000 - 0x00007ffa95ff6000 	C:\Users\USER\.vscode\extensions\redhat.java-1.55.0-win32-x64\jre\21.0.11-win32-x86_64\bin\nio.dll
0x00007ffa9d5a0000 - 0x00007ffa9d5b0000 	c:\Users\USER\.vscode\extensions\redhat.java-1.55.0-win32-x64\jre\21.0.11-win32-x86_64\bin\verify.dll
0x00007ffa3aa50000 - 0x00007ffa3aa95000 	C:\Users\USER\AppData\Roaming\Code\User\globalStorage\redhat.java\1.55.0\config_win\org.eclipse.equinox.launcher\org.eclipse.equinox.launcher.win32.win32.x86_64_1.3.100.v20260613-0559\eclipse_11924.dll
0x00007ffaa5a10000 - 0x00007ffaa5ba9000 	C:\WINDOWS\System32\ole32.dll
0x00007ffaa3fa0000 - 0x00007ffaa3fbb000 	C:\WINDOWS\SYSTEM32\CRYPTSP.dll
0x00007ffaa3550000 - 0x00007ffaa3589000 	C:\WINDOWS\system32\rsaenh.dll
0x00007ffaa3c30000 - 0x00007ffaa3c62000 	C:\WINDOWS\SYSTEM32\USERENV.dll
0x00007ffaa4830000 - 0x00007ffaa485a000 	C:\WINDOWS\SYSTEM32\bcrypt.dll
0x00007ffaa3f70000 - 0x00007ffaa3f7c000 	C:\WINDOWS\SYSTEM32\CRYPTBASE.dll
0x00007ffaa2fa0000 - 0x00007ffaa2fd3000 	C:\WINDOWS\SYSTEM32\IPHLPAPI.DLL
0x00007ffaa6810000 - 0x00007ffaa681a000 	C:\WINDOWS\System32\NSI.dll
0x00007ffa3aa00000 - 0x00007ffa3aa49000 	C:\Users\USER\AppData\Local\Temp\jna-2614219\jna5268797788821103472.dll
0x00007ffaa64e0000 - 0x00007ffaa64e8000 	C:\WINDOWS\System32\PSAPI.DLL
0x00007ffa9b170000 - 0x00007ffa9b18d000 	C:\WINDOWS\SYSTEM32\dhcpcsvc6.DLL
0x00007ffa9b140000 - 0x00007ffa9b165000 	C:\WINDOWS\SYSTEM32\dhcpcsvc.DLL
0x00007ffa9c7d0000 - 0x00007ffa9c7de000 	C:\Users\USER\.vscode\extensions\redhat.java-1.55.0-win32-x64\jre\21.0.11-win32-x86_64\bin\sunmscapi.dll
0x00007ffaa5210000 - 0x00007ffaa538e000 	C:\WINDOWS\System32\CRYPT32.dll
0x00007ffaa4110000 - 0x00007ffaa4140000 	C:\WINDOWS\SYSTEM32\ncrypt.dll
0x00007ffaa40c0000 - 0x00007ffaa40ff000 	C:\WINDOWS\SYSTEM32\NTASN1.dll
0x00007ffaa3090000 - 0x00007ffaa31e8000 	C:\WINDOWS\SYSTEM32\DNSAPI.dll
0x00007ffaa39a0000 - 0x00007ffaa39ad000 	C:\WINDOWS\SYSTEM32\DSPARSE.dll
0x00007ffa94530000 - 0x00007ffa9453b000 	C:\Windows\System32\rasadhlp.dll
0x00007ffa9c7a0000 - 0x00007ffa9c7a9000 	C:\Users\USER\.vscode\extensions\redhat.java-1.55.0-win32-x64\jre\21.0.11-win32-x86_64\bin\extnet.dll
0x00007ffaa0f70000 - 0x00007ffaa0f78000 	C:\WINDOWS\system32\wshunix.dll
0x00007ffa9d620000 - 0x00007ffa9d62a000 	C:\Users\USER\.vscode\extensions\redhat.java-1.55.0-win32-x64\jre\21.0.11-win32-x86_64\bin\management.dll
0x00007ffa9d610000 - 0x00007ffa9d61c000 	C:\Users\USER\.vscode\extensions\redhat.java-1.55.0-win32-x64\jre\21.0.11-win32-x86_64\bin\management_ext.dll

JVMTI agents:
c:\Users\USER\.vscode\extensions\redhat.java-1.55.0-win32-x64\lombok\lombok-1.18.39-4050.jar path:c:\Users\USER\.vscode\extensions\redhat.java-1.55.0-win32-x64\jre\21.0.11-win32-x86_64\bin\instrument.dll, loaded, initialized, instrumentlib options:none

dbghelp: loaded successfully - version: 4.0.5 - missing functions: none
symbol engine: initialized successfully - sym options: 0x614 - pdb path: .;c:\Users\USER\.vscode\extensions\redhat.java-1.55.0-win32-x64\jre\21.0.11-win32-x86_64\bin;C:\WINDOWS\SYSTEM32;C:\WINDOWS\WinSxS\amd64_microsoft.windows.common-controls_6595b64144ccf1df_6.0.26100.8972_none_3e0da176e32f9d4b;c:\Users\USER\.vscode\extensions\redhat.java-1.55.0-win32-x64\jre\21.0.11-win32-x86_64\bin\server;C:\Users\USER\AppData\Roaming\Code\User\globalStorage\redhat.java\1.55.0\config_win\org.eclipse.equinox.launcher\org.eclipse.equinox.launcher.win32.win32.x86_64_1.3.100.v20260613-0559;C:\Users\USER\AppData\Local\Temp\jna-2614219

VM Arguments:
jvm_args: --add-modules=ALL-SYSTEM --add-opens=java.base/java.util=ALL-UNNAMED --add-opens=java.base/java.lang=ALL-UNNAMED --add-opens=java.base/sun.nio.fs=ALL-UNNAMED -Declipse.application=org.eclipse.jdt.ls.core.id1 -Dosgi.bundles.defaultStartLevel=4 -Declipse.product=org.eclipse.jdt.ls.core.product -Djava.import.generatesMetadataFilesAtProjectRoot=false -DDetectVMInstallationsJob.disabled=true -Dfile.encoding=utf8 -XX:+UseParallelGC -XX:GCTimeRatio=4 -XX:AdaptiveSizePolicyWeight=90 -Dsun.zip.disableMemoryMapping=true -Xmx2G -Xms100m -Xlog:disable -javaagent:c:\Users\USER\.vscode\extensions\redhat.java-1.55.0-win32-x64\lombok\lombok-1.18.39-4050.jar -XX:+HeapDumpOnOutOfMemoryError -XX:HeapDumpPath=c:\Users\USER\AppData\Roaming\Code\User\workspaceStorage\c549672f05aaa1abe7fbcef4569ed1ab\redhat.java -Daether.dependencyCollector.impl=bf 
java_command: c:\Users\USER\.vscode\extensions\redhat.java-1.55.0-win32-x64\server\plugins\org.eclipse.equinox.launcher_1.7.200.v20260619-2039.jar -configuration c:\Users\USER\AppData\Roaming\Code\User\globalStorage\redhat.java\1.55.0\config_win -data c:\Users\USER\AppData\Roaming\Code\User\workspaceStorage\c549672f05aaa1abe7fbcef4569ed1ab\redhat.java\jdt_ws --pipe=\\.\pipe\lsp-60722e4052fbca914978f724ccac2b8c-sock
java_class_path (initial): c:\Users\USER\.vscode\extensions\redhat.java-1.55.0-win32-x64\server\plugins\org.eclipse.equinox.launcher_1.7.200.v20260619-2039.jar
Launcher Type: SUN_STANDARD

[Global flags]
    uintx AdaptiveSizePolicyWeight                 = 90                                        {product} {command line}
     intx CICompilerCount                          = 4                                         {product} {ergonomic}
    uintx GCTimeRatio                              = 4                                         {product} {command line}
     bool HeapDumpOnOutOfMemoryError               = true                                   {manageable} {command line}
    ccstr HeapDumpPath                             = c:\Users\USER\AppData\Roaming\Code\User\workspaceStorage\c549672f05aaa1abe7fbcef4569ed1ab\redhat.java         {manageable} {command line}
   size_t InitialHeapSize                          = 104857600                                 {product} {command line}
   size_t MaxHeapSize                              = 2147483648                                {product} {command line}
   size_t MaxNewSize                               = 715653120                                 {product} {ergonomic}
   size_t MinHeapDeltaBytes                        = 524288                                    {product} {ergonomic}
   size_t MinHeapSize                              = 104857600                                 {product} {command line}
   size_t NewSize                                  = 34603008                                  {product} {ergonomic}
    uintx NonNMethodCodeHeapSize                   = 5839372                                {pd product} {ergonomic}
    uintx NonProfiledCodeHeapSize                  = 122909434                              {pd product} {ergonomic}
   size_t OldSize                                  = 70254592                                  {product} {ergonomic}
    uintx ProfiledCodeHeapSize                     = 122909434                              {pd product} {ergonomic}
    uintx ReservedCodeCacheSize                    = 251658240                              {pd product} {ergonomic}
     bool SegmentedCodeCache                       = true                                      {product} {ergonomic}
   size_t SoftMaxHeapSize                          = 2147483648                             {manageable} {ergonomic}
     bool UseCompressedOops                        = true                           {product lp64_product} {ergonomic}
     bool UseLargePagesIndividualAllocation        = false                                  {pd product} {ergonomic}
     bool UseParallelGC                            = true                                      {product} {command line}

Logging:
Log output configuration:
 #0: stdout all=off uptime,level,tags foldmultilines=false
 #1: stderr all=off uptime,level,tags foldmultilines=false

Release file:
JAVA_VERSION="21.0.11" 
MODULES="java.base java.compiler java.datatransfer java.xml java.prefs java.desktop java.instrument java.logging java.management java.security.sasl java.naming java.rmi java.management.rmi java.net.http java.scripting java.security.jgss java.transaction.xa java.sql java.sql.rowset java.xml.crypto java.se java.smartcardio jdk.accessibility jdk.internal.jvmstat jdk.attach jdk.charsets jdk.internal.opt jdk.zipfs jdk.compiler jdk.crypto.ec jdk.crypto.cryptoki jdk.crypto.mscapi jdk.dynalink jdk.internal.ed jdk.editpad jdk.hotspot.agent jdk.httpserver jdk.internal.le jdk.internal.vm.ci jdk.internal.vm.compiler jdk.internal.vm.compiler.management jdk.jartool jdk.javadoc jdk.jcmd jdk.management jdk.management.agent jdk.jconsole jdk.jdeps jdk.jdwp.agent jdk.jdi jdk.jfr jdk.jshell jdk.jsobject jdk.jstatd jdk.localedata jdk.management.jfr jdk.naming.dns jdk.naming.rmi jdk.net jdk.nio.mapmode jdk.random jdk.sctp jdk.security.auth jdk.security.jgss jdk.unsupported jdk.unsupported.desktop jdk.xml.dom" 

Environment Variables:
JAVA_HOME=C:\Program Files\Eclipse Adoptium\jdk-21.0.8.9-hotspot\
PATH=C:\Program Files\Eclipse Adoptium\jdk-21.0.8.9-hotspot\bin;C:\Program Files\Common Files\Oracle\Java\javapath;C:\Program Files (x86)\Common Files\Oracle\Java\java8path;C:\Program Files (x86)\Common Files\Oracle\Java\javapath;C:\WINDOWS\system32;C:\WINDOWS;C:\WINDOWS\System32\Wbem;C:\WINDOWS\System32\WindowsPowerShell\v1.0\;C:\WINDOWS\System32\OpenSSH\;C:\Program Files (x86)\dotnet\;C:\Program Files\Java\jre1.8.0_461\bin;C:\Program Files\nodejs\;C:\ProgramData\ComposerSetup\bin;C:\wamp64\bin\php\php8.3.14;C:\Program Files\Vagrant\bin;C:\Program Files\Git\cmd;C:\Program Files\MySQL\MySQL Shell 8.0\bin\;C:\Users\USER\AppData\Local\Microsoft\WindowsApps;C:\Users\USER\Downloads\Microsoft VS Code\bin;C:\Users\USER\AppData\Roaming\npm;C:\Users\USER\AppData\Roaming\Composer\vendor\bin;C:\Users\USER\AppData\Local\Programs\cursor\resources\app\bin;C:\Program Files\JetBrains\IntelliJ IDEA 2026.1\bin;C:\Users\USER\AppData\Local\Programs\Python\Python313;C:\Users\USER\AppData\Local\Programs\Python\Python313\Scripts;;C:\Users\USER\AppData\Local\Programs\DockerDesktop\resources\bin
USERNAME=USER
OS=Windows_NT
PROCESSOR_IDENTIFIER=Intel64 Family 6 Model 158 Stepping 10, GenuineIntel
TMP=C:\Users\USER\AppData\Local\Temp
TEMP=C:\Users\USER\AppData\Local\Temp




Periodic native trim disabled

---------------  S Y S T E M  ---------------

OS:
 Windows 11 , 64 bit Build 26100 (10.0.26100.9168)
OS uptime: 7 days 7:20 hours
Hyper-V role detected

CPU: total 8 (initial active 8) (4 cores per cpu, 2 threads per core) family 6 model 158 stepping 10 microcode 0xf8, cx8, cmov, fxsr, ht, mmx, 3dnowpref, sse, sse2, sse3, ssse3, sse4.1, sse4.2, popcnt, lzcnt, tsc, tscinvbit, avx, avx2, aes, erms, clmul, bmi1, bmi2, adx, fma, vzeroupper, clflush, clflushopt, hv, rdtscp, f16c
Processor Information for the first 8 processors :
  Max Mhz: 2304, Current Mhz: 2304, Mhz Limit: 2304

Memory: 4k page, system-wide physical 16191M (515M free)
TotalPageFile size 37514M (AvailPageFile size 3M)
current process WorkingSet (physical memory assigned to process): 100M, peak: 1773M
current process commit charge ("private bytes"): 1586M, peak: 1798M

vm_info: OpenJDK 64-Bit Server VM (21.0.11+10-LTS) for windows-amd64 JRE (21.0.11+10-LTS), built on 2026-04-21T00:00:00Z by "admin" with MS VC++ 17.12 (VS2022)

END.
